# test
! InteriorON
! TrackerOFF
T 0
T 0
T 0
T 0
T 0
T 0
T 0
T 0
T 0
T 0
T 0
T 0
T 0
T 0
T 0
T 0
~Row
~Row
T 0
T 0
T 0
T 0
T 0
T 0
T 0
T 0
T 0
T 0
T 0
T 0
T 0
T 0
T 0
T 0
~Row
T 0
T 0
T 0
T 0
T 0
T 0
T 0
T 0
T 0
T 0
T 0
T 0
T 0
T 0
T 0
T 0
~Row
T 0
T 0
T 0
T 0
T 0
T 0
T 0
T 0
T 0
T 0
T 0
T 0
T 0
T 0
T 0
T 0
~Row
T 0
T 0
T 0
T 0
T 0
T 0
T 0
T 0
T 0
T 0
T 0
T 0
T 0
T 0
T 0
T 0
~Row
T 0
T 0
T 0
T 0
T 0
T 5
T 3
T 3
T 3
T 3
T 4
T 0
T 0
T 0
T 0
T 0
~Row
T 0
T 0
T 0
T 0
T 0
T 5
T 2
T 2
T 2
T 2
T 4
T 0
T 0
T 0
T 0
T 0
~Row
T 0
T 0
T 0
T 0
T 0
T 5
T 2
T 2
T 2
T 2
T 4
T 0
T 0
T 0
T 0
T 0
~Row
T 0
T 0
T 0
T 0
T 0
T 5
T 2
T 2
T 2
T 2
T 4
T 0
T 0
T 0
T 0
T 0
~Row
T 0
T 0
T 0
T 0
T 0
T 5
T 2
T 2
T 2
T 2
T 4
T 0
T 0
T 0
T 0
T 0
~Row
T 0
T 0
T 0
T 0
T 0
T 0
T 6
T 6
T 6
T 6
T 0
T 0
T 0
T 0
T 0
T 0
~Row
T 0
T 0
T 0
T 0
T 0
T 0
T 0
T 0
T 0
T 0
T 0
T 0
T 0
T 0
T 0
T 0
~Row
T 0
T 0
T 0
T 0
T 0
T 0
T 0
T 0
T 0
T 0
T 0
T 0
T 0
T 0
T 0
T 0
~Row
T 0
T 0
T 0
T 0
T 0
T 0
T 0
T 0
T 0
T 0
T 0
T 0
T 0
T 0
T 0
T 0
~Row
T 0
T 0
T 0
T 0
T 0
T 0
T 0
T 0
T 0
T 0
T 0
T 0
T 0
T 0
T 0
T 0
~Row
T 0
T 0
T 0
T 0
T 0
T 0
T 0
T 0
T 0
T 0
T 0
T 0
T 0
T 0
T 0
T 0
~Row
~End
PS 8 8
# PORTALS
PORTALTO test2.map 3 8 9 
PORTALFROM test2.map 0 8 9 
# ITEMS
#Objects
O 2 8 9 001
O 3 7 6 002
O 7 9 6 003